Run    : 20260503_145328  2L4H_d128
Expdir : experiments/20260503_145328  (pre-existing=False)
Device : cpu
Curriculum stages: [1, 2, 3, 4]  threshold=0.99
Data   : fixed test_deeper=1000  depth_test=4  saved=experiments/20260503_145328/data/20260503_145328
Data[stage 1/4]: depth_train=1  train=10000  test_same=1000  saved=experiments/20260503_145328/data/20260503_145329
Params : 410,112  (2L 4H d128  max_len=96  bs=64  iters=5000  lr=0.0003)

=== Stage 1/4: max_depth=1 ===

step     0  loss 2.8759  lr 1.50e-06  0s
step   200  loss 0.0497  lr 3.00e-04  36s
         >> test_same=1.000  test_deeper=0.004

=== Stage 2/4: max_depth=2  (threshold reached at step 200) ===
Data[stage 2/4]: depth_train=2  train=10000  test_same=1000  saved=experiments/20260503_145328/data/20260503_145415
step   400  loss 0.0149  lr 2.99e-04  75s
         >> test_same=1.000  test_deeper=0.014

=== Stage 3/4: max_depth=3  (threshold reached at step 400) ===
Data[stage 3/4]: depth_train=3  train=10000  test_same=1000  saved=experiments/20260503_145328/data/20260503_145454
step   600  loss 0.5930  lr 2.95e-04  113s
         >> test_same=0.324  test_deeper=0.031
step   800  loss 0.4508  lr 2.90e-04  159s
         >> test_same=0.432  test_deeper=0.039
step  1000  loss 0.3298  lr 2.82e-04  199s
         >> test_same=0.512  test_deeper=0.046
step  1200  loss 0.3082  lr 2.72e-04  239s
         >> test_same=0.546  test_deeper=0.067
step  1400  loss 0.1850  lr 2.60e-04  278s
         >> test_same=0.582  test_deeper=0.069
step  1600  loss 0.1406  lr 2.47e-04  322s
         >> test_same=0.603  test_deeper=0.070
step  1800  loss 0.1761  lr 2.32e-04  369s
         >> test_same=0.629  test_deeper=0.060
step  2000  loss 0.1103  lr 2.17e-04  416s
         >> test_same=0.657  test_deeper=0.067
step  2200  loss 0.0978  lr 2.00e-04  456s
         >> test_same=0.681  test_deeper=0.065
step  2400  loss 0.0947  lr 1.83e-04  498s
         >> test_same=0.723  test_deeper=0.070
step  2600  loss 0.0784  lr 1.65e-04  543s
         >> test_same=0.733  test_deeper=0.070
step  2800  loss 0.0821  lr 1.47e-04  588s
         >> test_same=0.745  test_deeper=0.075
step  3000  loss 0.0754  lr 1.30e-04  629s
         >> test_same=0.764  test_deeper=0.061
step  3200  loss 0.0576  lr 1.13e-04  672s
         >> test_same=0.778  test_deeper=0.067
step  3400  loss 0.0647  lr 9.74e-05  714s
         >> test_same=0.798  test_deeper=0.061
step  3600  loss 0.0695  lr 8.27e-05  755s
         >> test_same=0.808  test_deeper=0.067
step  3800  loss 0.0586  lr 6.95e-05  796s
         >> test_same=0.793  test_deeper=0.065
step  4000  loss 0.0429  lr 5.78e-05  839s
         >> test_same=0.799  test_deeper=0.064

=== Stage 4/4: max_depth=4  (stalled at step 4000) ===
Data[stage 4/4]: depth_train=4  train=10000  test_same=1000  saved=experiments/20260503_145328/data/20260503_150741
step  4200  loss 0.6404  lr 4.80e-05  883s
         >> test_same=0.241  test_deeper=0.092
step  4400  loss 0.6370  lr 4.02e-05  928s
         >> test_same=0.244  test_deeper=0.101
step  4600  loss 0.5340  lr 3.46e-05  970s
         >> test_same=0.244  test_deeper=0.108
step  4800  loss 0.4531  lr 3.11e-05  1010s
         >> test_same=0.260  test_deeper=0.111
step  5000  loss 0.3998  lr 3.00e-05  1050s
         >> test_same=0.263  test_deeper=0.115

Final  test_same=0.263  test_deeper=0.115  (full-run)

Sample predictions (greedy):
  XX  ((2+((2-6)--3))+(((5-6)+(6-3))--(-9)))->  pred='2+2+6+3-5-6-3+6-9'  gold='2+2-6+3+5-6+6-3-9'
  XX  (((1--5)-(-4--1))+(-(8-1)+(-3+3)))->  pred='1-5-4+1-8+1+3-1'  gold='1+5+4-1-8+1-3+3'
  XX  ((((5-7)-8)--(2-2))+9)->  pred='5-7-8-2-2+9'  gold='5-7-8+2-2+9'
  XX  ((0+-(0+8))-6)->  pred='0-0-8+6'  gold='0-0-8-6'
  XX  -(7-(6+(2+3)))->  pred='-7+6-2-3'  gold='-7+6+2+3'
  XX  ((((7+8)+(7-9))+-(7-2))-((-6-(1-8))+(-0-(6+5))))->  pred='7+8+7+9-2-6+1-8-7-0-5'  gold='7+8+7-9-7+2+6+1-8+0+6+5'
  XX  ((3-((0+6)--0))+6)->  pred='3-0-6+0-6'  gold='3-0-6-0+6'
  XX  ((-(4+6)--(-0))+(((0+8)-(7-1))--(2+5)))->  pred='-4-6-0-8-0-1+7-2+5'  gold='-4-6-0+0+8-7+1+2+5'

Log    : experiments/20260503_145328/run.log
Params : experiments/20260503_145328/intparams.json
